// Jest Snapshot v1, https://goo.gl/fbAQLP

exports[`AmountField Render should render with defaults 1`] = `
ShallowWrapper {
  "length": 1,
  Symbol(enzyme.__root__): [Circular],
  Symbol(enzyme.__unrendered__): <AmountField
    label=""
    name="test"
    onChange={[Function]}
    value={1000}
/>,
  Symbol(enzyme.__renderer__): Object {
    "batchedUpdates": [Function],
    "getNode": [Function],
    "render": [Function],
    "simulateEvent": [Function],
    "unmount": [Function],
  },
  Symbol(enzyme.__node__): Object {
    "instance": null,
    "key": undefined,
    "nodeType": "host",
    "props": Object {
      "children": Array [
        <label>
          Amount
</label>,
        <input
          className="form-control"
          id="amount"
          name="test"
          onBlur={[Function]}
          onChange={[Function]}
          placeholder=""
          step={100}
          type="number"
          value={1000}
/>,
      ],
      "className": "form-group",
    },
    "ref": null,
    "rendered": Array [
      Object {
        "instance": null,
        "key": undefined,
        "nodeType": "host",
        "props": Object {
          "children": "Amount",
        },
        "ref": null,
        "rendered": "Amount",
        "type": "label",
      },
      Object {
        "instance": null,
        "key": undefined,
        "nodeType": "host",
        "props": Object {
          "className": "form-control",
          "id": "amount",
          "name": "test",
          "onBlur": [Function],
          "onChange": [Function],
          "placeholder": "",
          "step": 100,
          "type": "number",
          "value": 1000,
        },
        "ref": null,
        "rendered": null,
        "type": "input",
      },
    ],
    "type": "div",
  },
  Symbol(enzyme.__nodes__): Array [
    Object {
      "instance": null,
      "key": undefined,
      "nodeType": "host",
      "props": Object {
        "children": Array [
          <label>
            Amount
</label>,
          <input
            className="form-control"
            id="amount"
            name="test"
            onBlur={[Function]}
            onChange={[Function]}
            placeholder=""
            step={100}
            type="number"
            value={1000}
/>,
        ],
        "className": "form-group",
      },
      "ref": null,
      "rendered": Array [
        Object {
          "instance": null,
          "key": undefined,
          "nodeType": "host",
          "props": Object {
            "children": "Amount",
          },
          "ref": null,
          "rendered": "Amount",
          "type": "label",
        },
        Object {
          "instance": null,
          "key": undefined,
          "nodeType": "host",
          "props": Object {
            "className": "form-control",
            "id": "amount",
            "name": "test",
            "onBlur": [Function],
            "onChange": [Function],
            "placeholder": "",
            "step": 100,
            "type": "number",
            "value": 1000,
          },
          "ref": null,
          "rendered": null,
          "type": "input",
        },
      ],
      "type": "div",
    },
  ],
  Symbol(enzyme.__options__): Object {
    "adapter": ReactSixteenAdapter {
      "options": Object {
        "enableComponentDidUpdateOnSetState": true,
      },
    },
  },
}
`;
